> Task :app:checkKotlinGradlePluginConfigurationErrors
> Task :app:preBuild UP-TO-DATE
> Task :app:preDebugBuild UP-TO-DATE
> Task :app:checkDebugAarMetadata UP-TO-DATE
> Task :app:generateDebugResValues UP-TO-DATE
> Task :app:injectCrashlyticsMappingFileIdDebug UP-TO-DATE
> Task :app:injectCrashlyticsVersionControlInfoDebug UP-TO-DATE
> Task :app:processDebugGoogleServices UP-TO-DATE
> Task :app:mapDebugSourceSetPaths UP-TO-DATE
> Task :app:generateDebugResources UP-TO-DATE
> Task :app:mergeDebugResources UP-TO-DATE
> Task :app:packageDebugResources UP-TO-DATE
> Task :app:parseDebugLocalResources UP-TO-DATE
> Task :app:createDebugCompatibleScreenManifests UP-TO-DATE
> Task :app:extractDeepLinksDebug UP-TO-DATE
> Task :app:processDebugMainManifest UP-TO-DATE
> Task :app:processDebugManifest UP-TO-DATE
> Task :app:processDebugManifestForPackage UP-TO-DATE
> Task :app:processDebugResources UP-TO-DATE

> Task :app:compileDebugKotlin FAILED
e: file:///D:/Hackathons/TechSprint%202.0%20proj/Phantom%20Crowd/app/src/main/java/com/phantomcrowd/ar/ARWallRenderer.kt:8:11 Unresolved reference: github
e: file:///D:/Hackathons/TechSprint%202.0%20proj/Phantom%20Crowd/app/src/main/java/com/phantomcrowd/ar/ARWallRenderer.kt:35:22 Unresolved reference: ArSceneView
e: file:///D:/Hackathons/TechSprint%202.0%20proj/Phantom%20Crowd/app/src/main/java/com/phantomcrowd/ui/PostCreationARScreen.kt:25:11 Unresolved reference: github
e: file:///D:/Hackathons/TechSprint%202.0%20proj/Phantom%20Crowd/app/src/main/java/com/phantomcrowd/ui/PostCreationARScreen.kt:74:22 Unresolved reference: ArSceneView
e: file:///D:/Hackathons/TechSprint%202.0%20proj/Phantom%20Crowd/app/src/main/java/com/phantomcrowd/ui/PostCreationARScreen.kt:74:38 Property delegate must have a 'setValue(Nothing?, KProperty<*>, [Error type: Unresolved type for ArSceneView]?)' method. None of the following functions is suitable: 
public inline operator fun <T> MutableState<Nothing?>.setValue(thisObj: Any?, property: KProperty<*>, value: Nothing?): Unit defined in androidx.compose.runtime
e: file:///D:/Hackathons/TechSprint%202.0%20proj/Phantom%20Crowd/app/src/main/java/com/phantomcrowd/ui/PostCreationARScreen.kt:114:17 Unresolved reference: ArSceneView
e: file:///D:/Hackathons/TechSprint%202.0%20proj/Phantom%20Crowd/app/src/main/java/com/phantomcrowd/ui/PostCreationARScreen.kt:118:21 Unresolved reference: configureSession
e: file:///D:/Hackathons/TechSprint%202.0%20proj/Phantom%20Crowd/app/src/main/java/com/phantomcrowd/ui/PostCreationARScreen.kt:118:40 Cannot infer a type for this parameter. Please specify it explicitly.
e: file:///D:/Hackathons/TechSprint%202.0%20proj/Phantom%20Crowd/app/src/main/java/com/phantomcrowd/ui/PostCreationARScreen.kt:118:49 Cannot infer a type for this parameter. Please specify it explicitly.
e: file:///D:/Hackathons/TechSprint%202.0%20proj/Phantom%20Crowd/app/src/main/java/com/phantomcrowd/ui/PostCreationARScreen.kt:119:32 Variable expected
e: file:///D:/Hackathons/TechSprint%202.0%20proj/Phantom%20Crowd/app/src/main/java/com/phantomcrowd/ui/PostCreationARScreen.kt:120:32 Variable expected
e: file:///D:/Hackathons/TechSprint%202.0%20proj/Phantom%20Crowd/app/src/main/java/com/phantomcrowd/ui/PostCreationARScreen.kt:121:32 Variable expected
e: file:///D:/Hackathons/TechSprint%202.0%20proj/Phantom%20Crowd/app/src/main/java/com/phantomcrowd/ui/PostCreationARScreen.kt:125:21 Unresolved reference: onSessionUpdated
e: file:///D:/Hackathons/TechSprint%202.0%20proj/Phantom%20Crowd/app/src/main/java/com/phantomcrowd/ui/PostCreationARScreen.kt:125:42 Cannot infer a type for this parameter. Please specify it explicitly.
e: file:///D:/Hackathons/TechSprint%202.0%20proj/Phantom%20Crowd/app/src/main/java/com/phantomcrowd/ui/PostCreationARScreen.kt:125:45 Cannot infer a type for this parameter. Please specify it explicitly.
e: file:///D:/Hackathons/TechSprint%202.0%20proj/Phantom%20Crowd/app/src/main/java/com/phantomcrowd/ui/PostCreationARScreen.kt:127:39 Unresolved reference: it
e: file:///D:/Hackathons/TechSprint%202.0%20proj/Phantom%20Crowd/app/src/main/java/com/phantomcrowd/ui/PostCreationARScreen.kt:137:21 Unresolved reference: onTouch
e: file:///D:/Hackathons/TechSprint%202.0%20proj/Phantom%20Crowd/app/src/main/java/com/phantomcrowd/ui/PostCreationARScreen.kt:137:33 Cannot infer a type for this parameter. Please specify it explicitly.
e: file:///D:/Hackathons/TechSprint%202.0%20proj/Phantom%20Crowd/app/src/main/java/com/phantomcrowd/ui/PostCreationARScreen.kt:137:44 Cannot infer a type for this parameter. Please specify it explicitly.
e: file:///D:/Hackathons/TechSprint%202.0%20proj/Phantom%20Crowd/app/src/main/java/com/phantomcrowd/ui/PostCreationARScreen.kt:145:21 Unresolved reference: planeRenderer
e: file:///D:/Hackathons/TechSprint%202.0%20proj/Phantom%20Crowd/app/src/main/java/com/phantomcrowd/ui/PostCreationARScreen.kt:145:35 Variable expected
e: file:///D:/Hackathons/TechSprint%202.0%20proj/Phantom%20Crowd/app/src/main/java/com/phantomcrowd/ui/PostCreationARScreen.kt:146:21 Unresolved reference: planeRenderer
e: file:///D:/Hackathons/TechSprint%202.0%20proj/Phantom%20Crowd/app/src/main/java/com/phantomcrowd/ui/PostCreationARScreen.kt:146:35 Variable expected

FAILURE: Build failed with an exception.

[Incubating] Problems report is available at: file:///D:/Hackathons/TechSprint%202.0%20proj/Phantom%20Crowd/build/reports/problems/problems-report.html
* What went wrong:
Execution failed for task ':app:compileDebugKotlin'.
> A failure occurred while executing org.jetbrains.kotlin.compilerRunner.GradleCompilerRunnerWithWorkers$GradleKotlinCompilerWorkAction
   > Compilation error. See log for more details

* Try:
> Run with --stacktrace option to get the stack trace.

Deprecated Gradle features were used in this build, making it incompatible with Gradle 9.0.

You can use '--warning-mode all' to show the individual deprecation warnings and determine if they come from your own scripts or plugins.

> Run with --info or --debug option to get more log output.
> Run with --scan to get full insights.
> Get more help at https://help.gradle.org.
For more on this, please refer to https://docs.gradle.org/8.11.1/userguide/command_line_interface.html#sec:command_line_warnings in the Gradle documentation.

BUILD FAILED in 10s
18 actionable tasks: 2 executed, 16 up-to-date
