> Task :app:checkKotlinGradlePluginConfigurationErrors
> Task :app:preBuild UP-TO-DATE
> Task :app:preDebugBuild UP-TO-DATE
> Task :app:checkDebugAarMetadata UP-TO-DATE
> Task :app:generateDebugResValues UP-TO-DATE
> Task :app:injectCrashlyticsMappingFileIdDebug UP-TO-DATE
> Task :app:injectCrashlyticsVersionControlInfoDebug UP-TO-DATE
> Task :app:processDebugGoogleServices UP-TO-DATE
> Task :app:mapDebugSourceSetPaths UP-TO-DATE
> Task :app:generateDebugResources UP-TO-DATE
> Task :app:mergeDebugResources UP-TO-DATE
> Task :app:packageDebugResources UP-TO-DATE
> Task :app:parseDebugLocalResources UP-TO-DATE
> Task :app:createDebugCompatibleScreenManifests UP-TO-DATE
> Task :app:extractDeepLinksDebug UP-TO-DATE
> Task :app:processDebugMainManifest UP-TO-DATE
> Task :app:processDebugManifest UP-TO-DATE
> Task :app:processDebugManifestForPackage UP-TO-DATE
> Task :app:processDebugResources UP-TO-DATE

> Task :app:compileDebugKotlin
e: file:///D:/Hackathons/TechSprint%202.0%20proj/Phantom%20Crowd/app/src/main/java/com/phantomcrowd/ui/ImpactDashboardScreen.kt:13:35 Unresolved reference: pulltorefresh
e: file:///D:/Hackathons/TechSprint%202.0%20proj/Phantom%20Crowd/app/src/main/java/com/phantomcrowd/ui/ImpactDashboardScreen.kt:141:5 Unresolved reference: PullToRefreshBox
e: file:///D:/Hackathons/TechSprint%202.0%20proj/Phantom%20Crowd/app/src/main/java/com/phantomcrowd/ui/ImpactDashboardScreen.kt:147:13 @Composable invocations can only happen from the context of a @Composable function
e: file:///D:/Hackathons/TechSprint%202.0%20proj/Phantom%20Crowd/app/src/main/java/com/phantomcrowd/ui/ImpactDashboardScreen.kt:158:13 @Composable invocations can only happen from the context of a @Composable function
e: file:///D:/Hackathons/TechSprint%202.0%20proj/Phantom%20Crowd/app/src/main/java/com/phantomcrowd/ui/ImpactDashboardScreen.kt:368:21 Unresolved reference: HorizontalDivider
e: file:///D:/Hackathons/TechSprint%202.0%20proj/Phantom%20Crowd/app/src/main/java/com/phantomcrowd/ui/MainActivity.kt:150:60 Unresolved reference: Star
e: file:///D:/Hackathons/TechSprint%202.0%20proj/Phantom%20Crowd/app/src/main/java/com/phantomcrowd/ui/NearbyIssuesScreen.kt:234:13 This material API is experimental and is likely to change or to be removed in the future.
e: file:///D:/Hackathons/TechSprint%202.0%20proj/Phantom%20Crowd/app/src/main/java/com/phantomcrowd/ui/NearbyIssuesScreen.kt:268:17 Unresolved reference: HorizontalDivider
e: file:///D:/Hackathons/TechSprint%202.0%20proj/Phantom%20Crowd/app/src/main/java/com/phantomcrowd/ui/NearbyIssuesScreen.kt:283:13 This material API is experimental and is likely to change or to be removed in the future.
e: file:///D:/Hackathons/TechSprint%202.0%20proj/Phantom%20Crowd/app/src/main/java/com/phantomcrowd/ui/NearbyIssuesScreen.kt:638:21 Unresolved reference: HorizontalDivider
e: file:///D:/Hackathons/TechSprint%202.0%20proj/Phantom%20Crowd/app/src/main/java/com/phantomcrowd/ui/PostCreationARScreen.kt:118:42 Unresolved reference: FIREBASE

> Task :app:compileDebugKotlin FAILED
[Incubating] Problems report is available at: file:///D:/Hackathons/TechSprint%202.0%20proj/Phantom%20Crowd/build/reports/problems/problems-report.html

FAILURE: Build failed with an exception.

* What went wrong:
Execution failed for task ':app:compileDebugKotlin'.
> A failure occurred while executing org.jetbrains.kotlin.compilerRunner.GradleCompilerRunnerWithWorkers$GradleKotlinCompilerWorkAction
   > Compilation error. See log for more details

* Try:
> Run with --stacktrace option to get the stack trace.
> Run with --info or --debug option to get more log output.
> Run with --scan to get full insights.
> Get more help at https://help.gradle.org.

Deprecated Gradle features were used in this build, making it incompatible with Gradle 9.0.

You can use '--warning-mode all' to show the individual deprecation warnings and determine if they come from your own scripts or plugins.

For more on this, please refer to https://docs.gradle.org/8.11.1/userguide/command_line_interface.html#sec:command_line_warnings in the Gradle documentation.

18 actionable tasks: 2 executed, 16 up-to-date
BUILD FAILED in 9s
